V "4.5.1.0 Jan 24 2017"
R
C 3
= 0x7fd3b164c398
R
P 0x7fd3b164c398
S "model"
S "true"
C 5
R
P 0x7fd3b164c398
C 7
= 0x7fd3b218ac08
R
P 0x7fd3b164c398
C 4
R
P 0x7fd3b218ac08
U 3
C 315
R
P 0x7fd3b218ac08
C 335
R
P 0x7fd3b218ac08
C 33
= 0x7fd3b29308d8
R
P 0x7fd3b218ac08
C 335
R
P 0x7fd3b218ac08
P 0x7fd3b29308d8
C 9
R
P 0x7fd3b218ac08
C 335
R
P 0x7fd3b218ac08
C 32
= 0x7fd3b2930818
R
P 0x7fd3b218ac08
C 335
R
P 0x7fd3b218ac08
P 0x7fd3b2930818
C 9
R
P 0x7fd3b218ac08
C 335
R
P 0x7fd3b218ac08
S "balance"
C 30
R
P 0x7fd3b218ac08
C 335
R
P 0x7fd3b218ac08
$ |balance|
P 0x7fd3b29308d8
C 50
= 0x7fd3b2931238
R
P 0x7fd3b218ac08
C 335
R
P 0x7fd3b218ac08
P 0x7fd3b2931238
C 248
R
P 0x7fd3b218ac08
C 335
R
P 0x7fd3b218ac08
P 0x7fd3b2931238
C 245
= 0x7fd3b29308d8
R
P 0x7fd3b218ac08
C 335
R
P 0x7fd3b218ac08
P 0x7fd3b29308d8
C 200
R
P 0x7fd3b218ac08
C 335
R
P 0x7fd3b218ac08
P 0x7fd3b2931238
C 251
R
P 0x7fd3b218ac08
C 335
R
P 0x7fd3b218ac08
P 0x7fd3b2931238
C 250
R
P 0x7fd3b218ac08
C 335
R
P 0x7fd3b218ac08
P 0x7fd3b2931238
C 9
R
P 0x7fd3b218ac08
C 335
R
P 0x7fd3b218ac08
S "balance"
C 30
R
P 0x7fd3b218ac08
C 335
R
P 0x7fd3b218ac08
$ |balance|
P 0x7fd3b29308d8
C 50
= 0x7fd3b2931238
R
P 0x7fd3b218ac08
C 335
R
P 0x7fd3b218ac08
P 0x7fd3b2931238
C 248
R
P 0x7fd3b218ac08
C 335
R
P 0x7fd3b218ac08
P 0x7fd3b2931238
C 245
= 0x7fd3b29308d8
R
P 0x7fd3b218ac08
C 335
R
P 0x7fd3b218ac08
P 0x7fd3b29308d8
C 200
R
P 0x7fd3b218ac08
C 335
R
P 0x7fd3b218ac08
P 0x7fd3b2931238
C 251
R
P 0x7fd3b218ac08
C 335
R
P 0x7fd3b218ac08
P 0x7fd3b2931238
C 250
R
P 0x7fd3b218ac08
C 335
R
P 0x7fd3b218ac08
P 0x7fd3b2931238
C 9
R
P 0x7fd3b218ac08
C 335
R
P 0x7fd3b218ac08
C 33
= 0x7fd3b29308d8
R
P 0x7fd3b218ac08
C 335
R
P 0x7fd3b218ac08
P 0x7fd3b29308d8
C 9
R
P 0x7fd3b218ac08
C 335
R
P 0x7fd3b218ac08
C 32
= 0x7fd3b2930818
R
P 0x7fd3b218ac08
C 335
R
P 0x7fd3b218ac08
P 0x7fd3b2930818
C 9
R
P 0x7fd3b218ac08
C 335
R
P 0x7fd3b218ac08
S "amount"
C 30
R
P 0x7fd3b218ac08
C 335
R
P 0x7fd3b218ac08
$ |amount|
P 0x7fd3b29308d8
C 50
= 0x7fd3b2931258
R
P 0x7fd3b218ac08
C 335
R
P 0x7fd3b218ac08
P 0x7fd3b2931258
C 248
R
P 0x7fd3b218ac08
C 335
R
P 0x7fd3b218ac08
P 0x7fd3b2931258
C 245
= 0x7fd3b29308d8
R
P 0x7fd3b218ac08
C 335
R
P 0x7fd3b218ac08
P 0x7fd3b29308d8
C 200
R
P 0x7fd3b218ac08
C 335
R
P 0x7fd3b218ac08
P 0x7fd3b2931258
C 251
R
P 0x7fd3b218ac08
C 335
R
P 0x7fd3b218ac08
P 0x7fd3b2931258
C 250
R
P 0x7fd3b218ac08
C 335
R
P 0x7fd3b218ac08
P 0x7fd3b2931258
C 9
R
P 0x7fd3b218ac08
C 335
R
P 0x7fd3b218ac08
S "amount"
C 30
R
P 0x7fd3b218ac08
C 335
R
P 0x7fd3b218ac08
$ |amount|
P 0x7fd3b29308d8
C 50
= 0x7fd3b2931258
R
P 0x7fd3b218ac08
C 335
R
P 0x7fd3b218ac08
P 0x7fd3b2931258
C 248
R
P 0x7fd3b218ac08
C 335
R
P 0x7fd3b218ac08
P 0x7fd3b2931258
C 245
= 0x7fd3b29308d8
R
P 0x7fd3b218ac08
C 335
R
P 0x7fd3b218ac08
P 0x7fd3b29308d8
C 200
R
P 0x7fd3b218ac08
C 335
R
P 0x7fd3b218ac08
P 0x7fd3b2931258
C 251
R
P 0x7fd3b218ac08
C 335
R
P 0x7fd3b218ac08
P 0x7fd3b2931258
C 250
R
P 0x7fd3b218ac08
C 335
R
P 0x7fd3b218ac08
P 0x7fd3b2931258
C 9
R
P 0x7fd3b218ac08
C 335
R
P 0x7fd3b218ac08
S "balance"
C 30
R
P 0x7fd3b218ac08
C 335
R
P 0x7fd3b218ac08
$ |balance|
P 0x7fd3b29308d8
C 50
= 0x7fd3b2931238
R
P 0x7fd3b218ac08
C 335
R
P 0x7fd3b218ac08
P 0x7fd3b2931238
C 248
R
P 0x7fd3b218ac08
C 335
R
P 0x7fd3b218ac08
P 0x7fd3b2931238
C 245
= 0x7fd3b29308d8
R
P 0x7fd3b218ac08
C 335
R
P 0x7fd3b218ac08
P 0x7fd3b29308d8
C 200
R
P 0x7fd3b218ac08
C 335
R
P 0x7fd3b218ac08
P 0x7fd3b2931238
C 251
R
P 0x7fd3b218ac08
C 335
R
P 0x7fd3b218ac08
P 0x7fd3b2931238
C 250
R
P 0x7fd3b218ac08
C 335
R
P 0x7fd3b218ac08
P 0x7fd3b2931238
C 9
R
P 0x7fd3b218ac08
C 335
R
P 0x7fd3b218ac08
S "balance"
C 30
R
P 0x7fd3b218ac08
C 335
R
P 0x7fd3b218ac08
$ |balance|
P 0x7fd3b29308d8
C 50
= 0x7fd3b2931238
R
P 0x7fd3b218ac08
C 335
R
P 0x7fd3b218ac08
P 0x7fd3b2931238
C 248
R
P 0x7fd3b218ac08
C 335
R
P 0x7fd3b218ac08
P 0x7fd3b2931238
C 245
= 0x7fd3b29308d8
R
P 0x7fd3b218ac08
C 335
R
P 0x7fd3b218ac08
P 0x7fd3b29308d8
C 200
R
P 0x7fd3b218ac08
C 335
R
P 0x7fd3b218ac08
P 0x7fd3b2931238
C 251
R
P 0x7fd3b218ac08
C 335
R
P 0x7fd3b218ac08
P 0x7fd3b2931238
C 250
R
P 0x7fd3b218ac08
C 335
R
P 0x7fd3b218ac08
P 0x7fd3b2931238
C 9
R
P 0x7fd3b218ac08
C 335
R
P 0x7fd3b218ac08
C 33
= 0x7fd3b29308d8
R
P 0x7fd3b218ac08
C 335
R
P 0x7fd3b218ac08
P 0x7fd3b29308d8
C 9
R
P 0x7fd3b218ac08
C 335
R
P 0x7fd3b218ac08
C 32
= 0x7fd3b2930818
R
P 0x7fd3b218ac08
C 335
R
P 0x7fd3b218ac08
P 0x7fd3b2930818
C 9
R
P 0x7fd3b218ac08
C 335
R
P 0x7fd3b218ac08
C 33
= 0x7fd3b29308d8
R
P 0x7fd3b218ac08
C 335
R
P 0x7fd3b218ac08
P 0x7fd3b29308d8
C 9
R
P 0x7fd3b218ac08
C 335
R
P 0x7fd3b218ac08
S "0"
P 0x7fd3b29308d8
C 144
= 0x7fd3b2931278
R
P 0x7fd3b218ac08
C 335
R
P 0x7fd3b218ac08
P 0x7fd3b2931278
C 9
R
P 0x7fd3b218ac08
C 335
R
P 0x7fd3b218ac08
P 0x7fd3b2931238
P 0x7fd3b2931278
C 75
= 0x7fd3b29373c8
R
P 0x7fd3b218ac08
C 335
R
P 0x7fd3b218ac08
P 0x7fd3b29373c8
C 9
R
P 0x7fd3b218ac08
C 335
R
P 0x7fd3b218ac08
C 33
= 0x7fd3b29308d8
R
P 0x7fd3b218ac08
C 335
R
P 0x7fd3b218ac08
P 0x7fd3b29308d8
C 9
R
P 0x7fd3b218ac08
C 335
R
P 0x7fd3b218ac08
C 32
= 0x7fd3b2930818
R
P 0x7fd3b218ac08
C 335
R
P 0x7fd3b218ac08
P 0x7fd3b2930818
C 9
R
P 0x7fd3b218ac08
C 335
R
P 0x7fd3b218ac08
S "0"
P 0x7fd3b29308d8
C 144
= 0x7fd3b2931278
R
P 0x7fd3b218ac08
C 335
R
P 0x7fd3b218ac08
P 0x7fd3b2931278
C 9
R
P 0x7fd3b218ac08
C 335
R
P 0x7fd3b218ac08
P 0x7fd3b2931258
P 0x7fd3b2931278
C 75
= 0x7fd3b2937400
R
P 0x7fd3b218ac08
C 335
R
P 0x7fd3b218ac08
P 0x7fd3b2937400
C 9
R
P 0x7fd3b218ac08
C 335
R
P 0x7fd3b218ac08
C 33
= 0x7fd3b29308d8
R
P 0x7fd3b218ac08
C 335
R
P 0x7fd3b218ac08
P 0x7fd3b29308d8
C 9
R
P 0x7fd3b218ac08
C 335
R
P 0x7fd3b218ac08
C 32
= 0x7fd3b2930818
R
P 0x7fd3b218ac08
C 335
R
P 0x7fd3b218ac08
P 0x7fd3b2930818
C 9
R
P 0x7fd3b218ac08
C 335
R
P 0x7fd3b218ac08
C 33
= 0x7fd3b29308d8
R
P 0x7fd3b218ac08
C 335
R
P 0x7fd3b218ac08
P 0x7fd3b29308d8
C 9
R
P 0x7fd3b218ac08
C 335
R
P 0x7fd3b218ac08
C 32
= 0x7fd3b2930818
R
P 0x7fd3b218ac08
C 335
R
P 0x7fd3b218ac08
P 0x7fd3b2930818
C 9
R
P 0x7fd3b218ac08
C 335
R
P 0x7fd3b218ac08
U 2
P 0x7fd3b2931238
P 0x7fd3b2931258
p 2
C 64
= 0x7fd3b2937438
R
P 0x7fd3b218ac08
C 335
R
P 0x7fd3b218ac08
P 0x7fd3b2937438
C 248
R
P 0x7fd3b218ac08
C 335
R
P 0x7fd3b218ac08
P 0x7fd3b2937438
C 245
= 0x7fd3b29308d8
R
P 0x7fd3b218ac08
C 335
R
P 0x7fd3b218ac08
P 0x7fd3b29308d8
C 200
R
P 0x7fd3b218ac08
C 335
R
P 0x7fd3b218ac08
P 0x7fd3b2937438
C 251
R
P 0x7fd3b218ac08
C 335
R
P 0x7fd3b218ac08
P 0x7fd3b2937438
C 250
R
P 0x7fd3b218ac08
C 335
R
P 0x7fd3b218ac08
P 0x7fd3b2937438
C 9
R
P 0x7fd3b218ac08
C 335
R
P 0x7fd3b218ac08
P 0x7fd3b2931238
C 245
= 0x7fd3b29308d8
R
P 0x7fd3b218ac08
C 335
R
P 0x7fd3b218ac08
P 0x7fd3b29308d8
C 200
R
P 0x7fd3b218ac08
C 335
R
P 0x7fd3b218ac08
P 0x7fd3b29308d8
C 9
R
P 0x7fd3b218ac08
C 335
R
P 0x7fd3b218ac08
P 0x7fd3b2937438
C 245
= 0x7fd3b29308d8
R
P 0x7fd3b218ac08
C 335
R
P 0x7fd3b218ac08
P 0x7fd3b29308d8
C 200
R
P 0x7fd3b218ac08
C 335
R
P 0x7fd3b218ac08
P 0x7fd3b29308d8
C 9
R
P 0x7fd3b218ac08
C 335
R
P 0x7fd3b218ac08
C 33
= 0x7fd3b29308d8
R
P 0x7fd3b218ac08
C 335
R
P 0x7fd3b218ac08
P 0x7fd3b29308d8
C 9
R
P 0x7fd3b218ac08
C 335
R
P 0x7fd3b218ac08
C 32
= 0x7fd3b2930818
R
P 0x7fd3b218ac08
C 335
R
P 0x7fd3b218ac08
P 0x7fd3b2930818
C 9
R
P 0x7fd3b218ac08
C 335
R
P 0x7fd3b218ac08
S "0"
P 0x7fd3b29308d8
C 144
= 0x7fd3b2931278
R
P 0x7fd3b218ac08
C 335
R
P 0x7fd3b218ac08
P 0x7fd3b2931278
C 9
R
P 0x7fd3b218ac08
C 335
R
P 0x7fd3b218ac08
P 0x7fd3b2937438
P 0x7fd3b2931278
C 75
= 0x7fd3b2937470
R
P 0x7fd3b218ac08
C 335
R
P 0x7fd3b218ac08
P 0x7fd3b2937470
C 9
R
P 0x7fd3b218ac08
C 335
R
P 0x7fd3b218ac08
U 2
P 0x7fd3b29373c8
P 0x7fd3b2937400
p 2
C 62
= 0x7fd3b29374a8
R
P 0x7fd3b218ac08
C 335
R
P 0x7fd3b218ac08
P 0x7fd3b29374a8
C 9
R
P 0x7fd3b218ac08
C 335
R
P 0x7fd3b218ac08
P 0x7fd3b29374a8
P 0x7fd3b2937470
C 60
= 0x7fd3b29374e0
R
P 0x7fd3b218ac08
C 335
R
P 0x7fd3b218ac08
P 0x7fd3b29374e0
C 9
R
P 0x7fd3b218ac08
C 335
R
P 0x7fd3b218ac08
P 0x7fd3b29374e0
C 57
= 0x7fd3b2932c58
R
P 0x7fd3b218ac08
C 335
R
P 0x7fd3b218ac08
P 0x7fd3b2932c58
C 9
R
P 0x7fd3b218ac08
C 335
R
P 0x7fd3b218ac08
C 404
= 0x7fd3b1658d68
R
P 0x7fd3b218ac08
C 335
R
P 0x7fd3b218ac08
P 0x7fd3b1658d68
C 412
R
P 0x7fd3b218ac08
C 335
R
P 0x7fd3b218ac08
P 0x7fd3b1658d68
P 0x7fd3b2932c58
C 418
R
P 0x7fd3b218ac08
C 335
R
P 0x7fd3b218ac08
P 0x7fd3b1658d68
C 421
R
P 0x7fd3b218ac08
C 335
R
P 0x7fd3b218ac08
C 33
= 0x7fd3b29308d8
R
P 0x7fd3b218ac08
C 335
R
P 0x7fd3b218ac08
P 0x7fd3b29308d8
C 9
R
P 0x7fd3b218ac08
C 335
R
P 0x7fd3b218ac08
C 32
= 0x7fd3b2930818
R
P 0x7fd3b218ac08
C 335
R
P 0x7fd3b218ac08
P 0x7fd3b2930818
C 9
R
P 0x7fd3b218ac08
C 335
R
P 0x7fd3b218ac08
S "amount"
C 30
R
P 0x7fd3b218ac08
C 335
R
P 0x7fd3b218ac08
$ |amount|
P 0x7fd3b29308d8
C 50
= 0x7fd3b2931258
R
P 0x7fd3b218ac08
C 335
R
P 0x7fd3b218ac08
P 0x7fd3b2931258
C 248
R
P 0x7fd3b218ac08
C 335
R
P 0x7fd3b218ac08
P 0x7fd3b2931258
C 245
= 0x7fd3b29308d8
R
P 0x7fd3b218ac08
C 335
R
P 0x7fd3b218ac08
P 0x7fd3b29308d8
C 200
R
P 0x7fd3b218ac08
C 335
R
P 0x7fd3b218ac08
P 0x7fd3b2931258
C 251
R
P 0x7fd3b218ac08
C 335
R
P 0x7fd3b218ac08
P 0x7fd3b2931258
C 250
R
P 0x7fd3b218ac08
C 335
R
P 0x7fd3b218ac08
P 0x7fd3b2931258
C 9
R
P 0x7fd3b218ac08
C 335
R
P 0x7fd3b218ac08
S "amount"
C 30
R
P 0x7fd3b218ac08
C 335
R
P 0x7fd3b218ac08
$ |amount|
P 0x7fd3b29308d8
C 50
= 0x7fd3b2931258
R
P 0x7fd3b218ac08
C 335
R
P 0x7fd3b218ac08
P 0x7fd3b2931258
C 248
R
P 0x7fd3b218ac08
C 335
R
P 0x7fd3b218ac08
P 0x7fd3b2931258
C 245
= 0x7fd3b29308d8
R
P 0x7fd3b218ac08
C 335
R
P 0x7fd3b218ac08
P 0x7fd3b29308d8
C 200
R
P 0x7fd3b218ac08
C 335
R
P 0x7fd3b218ac08
P 0x7fd3b2931258
C 251
R
P 0x7fd3b218ac08
C 335
R
P 0x7fd3b218ac08
P 0x7fd3b2931258
C 250
R
P 0x7fd3b218ac08
C 335
R
P 0x7fd3b218ac08
P 0x7fd3b2931258
C 9
R
P 0x7fd3b218ac08
C 335
R
P 0x7fd3b218ac08
S "balance"
C 30
R
P 0x7fd3b218ac08
C 335
R
P 0x7fd3b218ac08
$ |balance|
P 0x7fd3b29308d8
C 50
= 0x7fd3b2931238
R
P 0x7fd3b218ac08
C 335
R
P 0x7fd3b218ac08
P 0x7fd3b2931238
C 248
R
P 0x7fd3b218ac08
C 335
R
P 0x7fd3b218ac08
P 0x7fd3b2931238
C 245
= 0x7fd3b29308d8
R
P 0x7fd3b218ac08
C 335
R
P 0x7fd3b218ac08
P 0x7fd3b29308d8
C 200
R
P 0x7fd3b218ac08
C 335
R
P 0x7fd3b218ac08
P 0x7fd3b2931238
C 251
R
P 0x7fd3b218ac08
C 335
R
P 0x7fd3b218ac08
P 0x7fd3b2931238
C 250
R
P 0x7fd3b218ac08
C 335
R
P 0x7fd3b218ac08
P 0x7fd3b2931238
C 9
R
P 0x7fd3b218ac08
C 335
R
P 0x7fd3b218ac08
S "balance"
C 30
R
P 0x7fd3b218ac08
C 335
R
P 0x7fd3b218ac08
$ |balance|
P 0x7fd3b29308d8
C 50
= 0x7fd3b2931238
R
P 0x7fd3b218ac08
C 335
R
P 0x7fd3b218ac08
P 0x7fd3b2931238
C 248
R
P 0x7fd3b218ac08
C 335
R
P 0x7fd3b218ac08
P 0x7fd3b2931238
C 245
= 0x7fd3b29308d8
R
P 0x7fd3b218ac08
C 335
R
P 0x7fd3b218ac08
P 0x7fd3b29308d8
C 200
R
P 0x7fd3b218ac08
C 335
R
P 0x7fd3b218ac08
P 0x7fd3b2931238
C 251
R
P 0x7fd3b218ac08
C 335
R
P 0x7fd3b218ac08
P 0x7fd3b2931238
C 250
R
P 0x7fd3b218ac08
C 335
R
P 0x7fd3b218ac08
P 0x7fd3b2931238
C 9
R
P 0x7fd3b218ac08
C 335
R
P 0x7fd3b218ac08
C 33
= 0x7fd3b29308d8
R
P 0x7fd3b218ac08
C 335
R
P 0x7fd3b218ac08
P 0x7fd3b29308d8
C 9
R
P 0x7fd3b218ac08
C 335
R
P 0x7fd3b218ac08
C 32
= 0x7fd3b2930818
R
P 0x7fd3b218ac08
C 335
R
P 0x7fd3b218ac08
P 0x7fd3b2930818
C 9
R
P 0x7fd3b218ac08
C 335
R
P 0x7fd3b218ac08
S "0"
P 0x7fd3b29308d8
C 144
= 0x7fd3b2931278
R
P 0x7fd3b218ac08
C 335
R
P 0x7fd3b218ac08
P 0x7fd3b2931278
C 9
R
P 0x7fd3b218ac08
C 335
R
P 0x7fd3b218ac08
P 0x7fd3b2931238
P 0x7fd3b2931278
C 75
= 0x7fd3b29373c8
R
P 0x7fd3b218ac08
C 335
R
P 0x7fd3b218ac08
P 0x7fd3b29373c8
C 9
R
P 0x7fd3b218ac08
C 335
R
P 0x7fd3b218ac08
C 33
= 0x7fd3b29308d8
R
P 0x7fd3b218ac08
C 335
R
P 0x7fd3b218ac08
P 0x7fd3b29308d8
C 9
R
P 0x7fd3b218ac08
C 335
R
P 0x7fd3b218ac08
C 32
= 0x7fd3b2930818
R
P 0x7fd3b218ac08
C 335
R
P 0x7fd3b218ac08
P 0x7fd3b2930818
C 9
R
P 0x7fd3b218ac08
C 335
R
P 0x7fd3b218ac08
S "0"
P 0x7fd3b29308d8
C 144
= 0x7fd3b2931278
R
P 0x7fd3b218ac08
C 335
R
P 0x7fd3b218ac08
P 0x7fd3b2931278
C 9
R
P 0x7fd3b218ac08
C 335
R
P 0x7fd3b218ac08
P 0x7fd3b2931258
P 0x7fd3b2931278
C 75
= 0x7fd3b2937400
R
P 0x7fd3b218ac08
C 335
R
P 0x7fd3b218ac08
P 0x7fd3b2937400
C 9
R
P 0x7fd3b218ac08
C 335
R
P 0x7fd3b218ac08
C 33
= 0x7fd3b29308d8
R
P 0x7fd3b218ac08
C 335
R
P 0x7fd3b218ac08
P 0x7fd3b29308d8
C 9
R
P 0x7fd3b218ac08
C 335
R
P 0x7fd3b218ac08
C 32
= 0x7fd3b2930818
R
P 0x7fd3b218ac08
C 335
R
P 0x7fd3b218ac08
P 0x7fd3b2930818
C 9
R
P 0x7fd3b218ac08
C 335
R
P 0x7fd3b218ac08
C 33
= 0x7fd3b29308d8
R
P 0x7fd3b218ac08
C 335
R
P 0x7fd3b218ac08
P 0x7fd3b29308d8
C 9
R
P 0x7fd3b218ac08
C 335
R
P 0x7fd3b218ac08
C 32
= 0x7fd3b2930818
R
P 0x7fd3b218ac08
C 335
R
P 0x7fd3b218ac08
P 0x7fd3b2930818
C 9
R
P 0x7fd3b218ac08
C 335
R
P 0x7fd3b218ac08
U 2
P 0x7fd3b2931238
P 0x7fd3b2931258
p 2
C 66
= 0x7fd3b2937550
R
P 0x7fd3b218ac08
C 335
R
P 0x7fd3b218ac08
P 0x7fd3b2937550
C 248
R
P 0x7fd3b218ac08
C 335
R
P 0x7fd3b218ac08
P 0x7fd3b2937550
C 245
= 0x7fd3b29308d8
R
P 0x7fd3b218ac08
C 335
R
P 0x7fd3b218ac08
P 0x7fd3b29308d8
C 200
R
P 0x7fd3b218ac08
C 335
R
P 0x7fd3b218ac08
P 0x7fd3b2937550
C 251
R
P 0x7fd3b218ac08
C 335
R
P 0x7fd3b218ac08
P 0x7fd3b2937550
C 250
R
P 0x7fd3b218ac08
C 335
R
P 0x7fd3b218ac08
P 0x7fd3b2937550
C 9
R
P 0x7fd3b218ac08
C 335
R
P 0x7fd3b218ac08
P 0x7fd3b2931238
C 245
= 0x7fd3b29308d8
R
P 0x7fd3b218ac08
C 335
R
P 0x7fd3b218ac08
P 0x7fd3b29308d8
C 200
R
P 0x7fd3b218ac08
C 335
R
P 0x7fd3b218ac08
P 0x7fd3b29308d8
C 9
R
P 0x7fd3b218ac08
C 335
R
P 0x7fd3b218ac08
P 0x7fd3b2937550
C 245
= 0x7fd3b29308d8
R
P 0x7fd3b218ac08
C 335
R
P 0x7fd3b218ac08
P 0x7fd3b29308d8
C 200
R
P 0x7fd3b218ac08
C 335
R
P 0x7fd3b218ac08
P 0x7fd3b29308d8
C 9
R
P 0x7fd3b218ac08
C 335
R
P 0x7fd3b218ac08
C 33
= 0x7fd3b29308d8
R
P 0x7fd3b218ac08
C 335
R
P 0x7fd3b218ac08
P 0x7fd3b29308d8
C 9
R
P 0x7fd3b218ac08
C 335
R
P 0x7fd3b218ac08
C 32
= 0x7fd3b2930818
R
P 0x7fd3b218ac08
C 335
R
P 0x7fd3b218ac08
P 0x7fd3b2930818
C 9
R
P 0x7fd3b218ac08
C 335
R
P 0x7fd3b218ac08
S "0"
P 0x7fd3b29308d8
C 144
= 0x7fd3b2931278
R
P 0x7fd3b218ac08
C 335
R
P 0x7fd3b218ac08
P 0x7fd3b2931278
C 9
R
P 0x7fd3b218ac08
C 335
R
P 0x7fd3b218ac08
P 0x7fd3b2937550
P 0x7fd3b2931278
C 75
= 0x7fd3b2937588
R
P 0x7fd3b218ac08
C 335
R
P 0x7fd3b218ac08
P 0x7fd3b2937588
C 9
R
P 0x7fd3b218ac08
C 335
R
P 0x7fd3b218ac08
U 2
P 0x7fd3b29373c8
P 0x7fd3b2937400
p 2
C 62
= 0x7fd3b29374a8
R
P 0x7fd3b218ac08
C 335
R
P 0x7fd3b218ac08
P 0x7fd3b29374a8
C 9
R
P 0x7fd3b218ac08
C 335
R
P 0x7fd3b218ac08
P 0x7fd3b29374a8
P 0x7fd3b2937588
C 60
= 0x7fd3b29375c0
R
P 0x7fd3b218ac08
C 335
R
P 0x7fd3b218ac08
P 0x7fd3b29375c0
C 9
R
P 0x7fd3b218ac08
C 335
R
P 0x7fd3b218ac08
P 0x7fd3b29375c0
C 57
= 0x7fd3b2932d78
R
P 0x7fd3b218ac08
C 335
R
P 0x7fd3b218ac08
P 0x7fd3b2932d78
C 9
R
P 0x7fd3b218ac08
C 335
R
P 0x7fd3b218ac08
C 404
= 0x7fd3b17b3e58
R
P 0x7fd3b218ac08
C 335
R
P 0x7fd3b218ac08
P 0x7fd3b17b3e58
C 412
R
P 0x7fd3b218ac08
C 335
R
P 0x7fd3b218ac08
P 0x7fd3b17b3e58
P 0x7fd3b2932d78
C 418
R
P 0x7fd3b218ac08
C 335
R
P 0x7fd3b218ac08
P 0x7fd3b17b3e58
C 421
R
P 0x7fd3b218ac08
C 335
R
P 0x7fd3b218ac08
C 33
= 0x7fd3b29308d8
R
P 0x7fd3b218ac08
C 335
R
P 0x7fd3b218ac08
P 0x7fd3b29308d8
C 9
R
P 0x7fd3b218ac08
C 335
R
P 0x7fd3b218ac08
C 32
= 0x7fd3b2930818
R
P 0x7fd3b218ac08
C 335
R
P 0x7fd3b218ac08
P 0x7fd3b2930818
C 9
R
P 0x7fd3b218ac08
C 335
R
P 0x7fd3b218ac08
S "amount"
C 30
R
P 0x7fd3b218ac08
C 335
R
P 0x7fd3b218ac08
$ |amount|
P 0x7fd3b29308d8
C 50
= 0x7fd3b2931258
R
P 0x7fd3b218ac08
C 335
R
P 0x7fd3b218ac08
P 0x7fd3b2931258
C 248
R
P 0x7fd3b218ac08
C 335
R
P 0x7fd3b218ac08
P 0x7fd3b2931258
C 245
= 0x7fd3b29308d8
R
P 0x7fd3b218ac08
C 335
R
P 0x7fd3b218ac08
P 0x7fd3b29308d8
C 200
R
P 0x7fd3b218ac08
C 335
R
P 0x7fd3b218ac08
P 0x7fd3b2931258
C 251
R
P 0x7fd3b218ac08
C 335
R
P 0x7fd3b218ac08
P 0x7fd3b2931258
C 250
R
P 0x7fd3b218ac08
C 335
R
P 0x7fd3b218ac08
P 0x7fd3b2931258
C 9
R
P 0x7fd3b218ac08
C 335
R
P 0x7fd3b218ac08
S "amount"
C 30
R
P 0x7fd3b218ac08
C 335
R
P 0x7fd3b218ac08
$ |amount|
P 0x7fd3b29308d8
C 50
= 0x7fd3b2931258
R
P 0x7fd3b218ac08
C 335
R
P 0x7fd3b218ac08
P 0x7fd3b2931258
C 248
R
P 0x7fd3b218ac08
C 335
R
P 0x7fd3b218ac08
P 0x7fd3b2931258
C 245
= 0x7fd3b29308d8
R
P 0x7fd3b218ac08
C 335
R
P 0x7fd3b218ac08
P 0x7fd3b29308d8
C 200
R
P 0x7fd3b218ac08
C 335
R
P 0x7fd3b218ac08
P 0x7fd3b2931258
C 251
R
P 0x7fd3b218ac08
C 335
R
P 0x7fd3b218ac08
P 0x7fd3b2931258
C 250
R
P 0x7fd3b218ac08
C 335
R
P 0x7fd3b218ac08
P 0x7fd3b2931258
C 9
R
P 0x7fd3b218ac08
C 335
R
P 0x7fd3b218ac08
S "balance"
C 30
R
P 0x7fd3b218ac08
C 335
R
P 0x7fd3b218ac08
$ |balance|
P 0x7fd3b29308d8
C 50
= 0x7fd3b2931238
R
P 0x7fd3b218ac08
C 335
R
P 0x7fd3b218ac08
P 0x7fd3b2931238
C 248
R
P 0x7fd3b218ac08
C 335
R
P 0x7fd3b218ac08
P 0x7fd3b2931238
C 245
= 0x7fd3b29308d8
R
P 0x7fd3b218ac08
C 335
R
P 0x7fd3b218ac08
P 0x7fd3b29308d8
C 200
R
P 0x7fd3b218ac08
C 335
R
P 0x7fd3b218ac08
P 0x7fd3b2931238
C 251
R
P 0x7fd3b218ac08
C 335
R
P 0x7fd3b218ac08
P 0x7fd3b2931238
C 250
R
P 0x7fd3b218ac08
C 335
R
P 0x7fd3b218ac08
P 0x7fd3b2931238
C 9
R
P 0x7fd3b218ac08
C 335
R
P 0x7fd3b218ac08
S "balance"
C 30
R
P 0x7fd3b218ac08
C 335
R
P 0x7fd3b218ac08
$ |balance|
P 0x7fd3b29308d8
C 50
= 0x7fd3b2931238
R
P 0x7fd3b218ac08
C 335
R
P 0x7fd3b218ac08
P 0x7fd3b2931238
C 248
R
P 0x7fd3b218ac08
C 335
R
P 0x7fd3b218ac08
P 0x7fd3b2931238
C 245
= 0x7fd3b29308d8
R
P 0x7fd3b218ac08
C 335
R
P 0x7fd3b218ac08
P 0x7fd3b29308d8
C 200
R
P 0x7fd3b218ac08
C 335
R
P 0x7fd3b218ac08
P 0x7fd3b2931238
C 251
R
P 0x7fd3b218ac08
C 335
R
P 0x7fd3b218ac08
P 0x7fd3b2931238
C 250
R
P 0x7fd3b218ac08
C 335
R
P 0x7fd3b218ac08
P 0x7fd3b2931238
C 9
R
P 0x7fd3b218ac08
C 335
R
P 0x7fd3b218ac08
C 33
= 0x7fd3b29308d8
R
P 0x7fd3b218ac08
C 335
R
P 0x7fd3b218ac08
P 0x7fd3b29308d8
C 9
R
P 0x7fd3b218ac08
C 335
R
P 0x7fd3b218ac08
C 32
= 0x7fd3b2930818
R
P 0x7fd3b218ac08
C 335
R
P 0x7fd3b218ac08
P 0x7fd3b2930818
C 9
R
P 0x7fd3b218ac08
C 335
R
P 0x7fd3b218ac08
S "0"
P 0x7fd3b29308d8
C 144
= 0x7fd3b2931278
R
P 0x7fd3b218ac08
C 335
R
P 0x7fd3b218ac08
P 0x7fd3b2931278
C 9
R
P 0x7fd3b218ac08
C 335
R
P 0x7fd3b218ac08
P 0x7fd3b2931238
P 0x7fd3b2931278
C 75
= 0x7fd3b29373c8
R
P 0x7fd3b218ac08
C 335
R
P 0x7fd3b218ac08
P 0x7fd3b29373c8
C 9
R
P 0x7fd3b218ac08
C 335
R
P 0x7fd3b218ac08
C 33
= 0x7fd3b29308d8
R
P 0x7fd3b218ac08
C 335
R
P 0x7fd3b218ac08
P 0x7fd3b29308d8
C 9
R
P 0x7fd3b218ac08
C 335
R
P 0x7fd3b218ac08
C 32
= 0x7fd3b2930818
R
P 0x7fd3b218ac08
C 335
R
P 0x7fd3b218ac08
P 0x7fd3b2930818
C 9
R
P 0x7fd3b218ac08
C 335
R
P 0x7fd3b218ac08
S "0"
P 0x7fd3b29308d8
C 144
= 0x7fd3b2931278
R
P 0x7fd3b218ac08
C 335
R
P 0x7fd3b218ac08
P 0x7fd3b2931278
C 9
R
P 0x7fd3b218ac08
C 335
R
P 0x7fd3b218ac08
P 0x7fd3b2931258
P 0x7fd3b2931278
C 75
= 0x7fd3b2937400
R
P 0x7fd3b218ac08
C 335
R
P 0x7fd3b218ac08
P 0x7fd3b2937400
C 9
R
P 0x7fd3b218ac08
C 335
R
P 0x7fd3b218ac08
C 33
= 0x7fd3b29308d8
R
P 0x7fd3b218ac08
C 335
R
P 0x7fd3b218ac08
P 0x7fd3b29308d8
C 9
R
P 0x7fd3b218ac08
C 335
R
P 0x7fd3b218ac08
C 32
= 0x7fd3b2930818
R
P 0x7fd3b218ac08
C 335
R
P 0x7fd3b218ac08
P 0x7fd3b2930818
C 9
R
P 0x7fd3b218ac08
C 335
R
P 0x7fd3b218ac08
C 33
= 0x7fd3b29308d8
R
P 0x7fd3b218ac08
C 335
R
P 0x7fd3b218ac08
P 0x7fd3b29308d8
C 9
R
P 0x7fd3b218ac08
C 335
R
P 0x7fd3b218ac08
C 32
= 0x7fd3b2930818
R
P 0x7fd3b218ac08
C 335
R
P 0x7fd3b218ac08
P 0x7fd3b2930818
C 9
R
P 0x7fd3b218ac08
C 335
R
P 0x7fd3b218ac08
U 2
P 0x7fd3b2931238
P 0x7fd3b2931258
p 2
C 64
= 0x7fd3b2937438
R
P 0x7fd3b218ac08
C 335
R
P 0x7fd3b218ac08
P 0x7fd3b2937438
C 248
R
P 0x7fd3b218ac08
C 335
R
P 0x7fd3b218ac08
P 0x7fd3b2937438
C 245
= 0x7fd3b29308d8
R
P 0x7fd3b218ac08
C 335
R
P 0x7fd3b218ac08
P 0x7fd3b29308d8
C 200
R
P 0x7fd3b218ac08
C 335
R
P 0x7fd3b218ac08
P 0x7fd3b2937438
C 251
R
P 0x7fd3b218ac08
C 335
R
P 0x7fd3b218ac08
P 0x7fd3b2937438
C 250
R
P 0x7fd3b218ac08
C 335
R
P 0x7fd3b218ac08
P 0x7fd3b2937438
C 9
R
P 0x7fd3b218ac08
C 335
R
P 0x7fd3b218ac08
P 0x7fd3b2931238
C 245
= 0x7fd3b29308d8
R
P 0x7fd3b218ac08
C 335
R
P 0x7fd3b218ac08
P 0x7fd3b29308d8
C 200
R
P 0x7fd3b218ac08
C 335
R
P 0x7fd3b218ac08
P 0x7fd3b29308d8
C 9
R
P 0x7fd3b218ac08
C 335
R
P 0x7fd3b218ac08
P 0x7fd3b2937438
C 245
= 0x7fd3b29308d8
R
P 0x7fd3b218ac08
C 335
R
P 0x7fd3b218ac08
P 0x7fd3b29308d8
C 200
R
P 0x7fd3b218ac08
C 335
R
P 0x7fd3b218ac08
P 0x7fd3b29308d8
C 9
R
P 0x7fd3b218ac08
C 335
R
P 0x7fd3b218ac08
C 33
= 0x7fd3b29308d8
R
P 0x7fd3b218ac08
C 335
R
P 0x7fd3b218ac08
P 0x7fd3b29308d8
C 9
R
P 0x7fd3b218ac08
C 335
R
P 0x7fd3b218ac08
C 32
= 0x7fd3b2930818
R
P 0x7fd3b218ac08
C 335
R
P 0x7fd3b218ac08
P 0x7fd3b2930818
C 9
R
P 0x7fd3b218ac08
C 335
R
P 0x7fd3b218ac08
S "0"
P 0x7fd3b29308d8
C 144
= 0x7fd3b2931278
R
P 0x7fd3b218ac08
C 335
R
P 0x7fd3b218ac08
P 0x7fd3b2931278
C 9
R
P 0x7fd3b218ac08
C 335
R
P 0x7fd3b218ac08
P 0x7fd3b2937438
P 0x7fd3b2931278
C 75
= 0x7fd3b2937470
R
P 0x7fd3b218ac08
C 335
R
P 0x7fd3b218ac08
P 0x7fd3b2937470
C 9
R
P 0x7fd3b218ac08
C 335
R
P 0x7fd3b218ac08
U 2
P 0x7fd3b29373c8
P 0x7fd3b2937400
p 2
C 62
= 0x7fd3b29374a8
R
P 0x7fd3b218ac08
C 335
R
P 0x7fd3b218ac08
P 0x7fd3b29374a8
C 9
R
P 0x7fd3b218ac08
C 335
R
P 0x7fd3b218ac08
P 0x7fd3b29374a8
P 0x7fd3b2937470
C 60
= 0x7fd3b29374e0
R
P 0x7fd3b218ac08
C 335
R
P 0x7fd3b218ac08
P 0x7fd3b29374e0
C 9
R
P 0x7fd3b218ac08
C 335
R
P 0x7fd3b218ac08
P 0x7fd3b29374e0
C 57
= 0x7fd3b2932c58
R
P 0x7fd3b218ac08
C 335
R
P 0x7fd3b218ac08
P 0x7fd3b2932c58
C 9
R
P 0x7fd3b218ac08
C 335
R
P 0x7fd3b218ac08
C 404
= 0x7fd3b16e7958
R
P 0x7fd3b218ac08
C 335
R
P 0x7fd3b218ac08
P 0x7fd3b16e7958
C 412
R
P 0x7fd3b218ac08
C 335
R
P 0x7fd3b218ac08
P 0x7fd3b16e7958
P 0x7fd3b2932c58
C 418
R
P 0x7fd3b218ac08
C 335
R
P 0x7fd3b218ac08
P 0x7fd3b16e7958
C 421
R
P 0x7fd3b218ac08
C 335
R
P 0x7fd3b218ac08
C 33
= 0x7fd3b29308d8
R
P 0x7fd3b218ac08
C 335
R
P 0x7fd3b218ac08
P 0x7fd3b29308d8
C 9
R
P 0x7fd3b218ac08
C 335
R
P 0x7fd3b218ac08
C 32
= 0x7fd3b2930818
R
P 0x7fd3b218ac08
C 335
R
P 0x7fd3b218ac08
P 0x7fd3b2930818
C 9
R
P 0x7fd3b218ac08
C 335
R
P 0x7fd3b218ac08
S "amount"
C 30
R
P 0x7fd3b218ac08
C 335
R
P 0x7fd3b218ac08
$ |amount|
P 0x7fd3b29308d8
C 50
= 0x7fd3b2931258
R
P 0x7fd3b218ac08
C 335
R
P 0x7fd3b218ac08
P 0x7fd3b2931258
C 248
R
P 0x7fd3b218ac08
C 335
R
P 0x7fd3b218ac08
P 0x7fd3b2931258
C 245
= 0x7fd3b29308d8
R
P 0x7fd3b218ac08
C 335
R
P 0x7fd3b218ac08
P 0x7fd3b29308d8
C 200
R
P 0x7fd3b218ac08
C 335
R
P 0x7fd3b218ac08
P 0x7fd3b2931258
C 251
R
P 0x7fd3b218ac08
C 335
R
P 0x7fd3b218ac08
P 0x7fd3b2931258
C 250
R
P 0x7fd3b218ac08
C 335
R
P 0x7fd3b218ac08
P 0x7fd3b2931258
C 9
R
P 0x7fd3b218ac08
C 335
R
P 0x7fd3b218ac08
S "amount"
C 30
R
P 0x7fd3b218ac08
C 335
R
P 0x7fd3b218ac08
$ |amount|
P 0x7fd3b29308d8
C 50
= 0x7fd3b2931258
R
P 0x7fd3b218ac08
C 335
R
P 0x7fd3b218ac08
P 0x7fd3b2931258
C 248
R
P 0x7fd3b218ac08
C 335
R
P 0x7fd3b218ac08
P 0x7fd3b2931258
C 245
= 0x7fd3b29308d8
R
P 0x7fd3b218ac08
C 335
R
P 0x7fd3b218ac08
P 0x7fd3b29308d8
C 200
R
P 0x7fd3b218ac08
C 335
R
P 0x7fd3b218ac08
P 0x7fd3b2931258
C 251
R
P 0x7fd3b218ac08
C 335
R
P 0x7fd3b218ac08
P 0x7fd3b2931258
C 250
R
P 0x7fd3b218ac08
C 335
R
P 0x7fd3b218ac08
P 0x7fd3b2931258
C 9
R
P 0x7fd3b218ac08
C 335
R
P 0x7fd3b218ac08
S "balance"
C 30
R
P 0x7fd3b218ac08
C 335
R
P 0x7fd3b218ac08
$ |balance|
P 0x7fd3b29308d8
C 50
= 0x7fd3b2931238
R
P 0x7fd3b218ac08
C 335
R
P 0x7fd3b218ac08
P 0x7fd3b2931238
C 248
R
P 0x7fd3b218ac08
C 335
R
P 0x7fd3b218ac08
P 0x7fd3b2931238
C 245
= 0x7fd3b29308d8
R
P 0x7fd3b218ac08
C 335
R
P 0x7fd3b218ac08
P 0x7fd3b29308d8
C 200
R
P 0x7fd3b218ac08
C 335
R
P 0x7fd3b218ac08
P 0x7fd3b2931238
C 251
R
P 0x7fd3b218ac08
C 335
R
P 0x7fd3b218ac08
P 0x7fd3b2931238
C 250
R
P 0x7fd3b218ac08
C 335
R
P 0x7fd3b218ac08
P 0x7fd3b2931238
C 9
R
P 0x7fd3b218ac08
C 335
R
P 0x7fd3b218ac08
S "balance"
C 30
R
P 0x7fd3b218ac08
C 335
R
P 0x7fd3b218ac08
$ |balance|
P 0x7fd3b29308d8
C 50
= 0x7fd3b2931238
R
P 0x7fd3b218ac08
C 335
R
P 0x7fd3b218ac08
P 0x7fd3b2931238
C 248
R
P 0x7fd3b218ac08
C 335
R
P 0x7fd3b218ac08
P 0x7fd3b2931238
C 245
= 0x7fd3b29308d8
R
P 0x7fd3b218ac08
C 335
R
P 0x7fd3b218ac08
P 0x7fd3b29308d8
C 200
R
P 0x7fd3b218ac08
C 335
R
P 0x7fd3b218ac08
P 0x7fd3b2931238
C 251
R
P 0x7fd3b218ac08
C 335
R
P 0x7fd3b218ac08
P 0x7fd3b2931238
C 250
R
P 0x7fd3b218ac08
C 335
R
P 0x7fd3b218ac08
P 0x7fd3b2931238
C 9
R
P 0x7fd3b218ac08
C 335
R
P 0x7fd3b218ac08
C 33
= 0x7fd3b29308d8
R
P 0x7fd3b218ac08
C 335
R
P 0x7fd3b218ac08
P 0x7fd3b29308d8
C 9
R
P 0x7fd3b218ac08
C 335
R
P 0x7fd3b218ac08
C 32
= 0x7fd3b2930818
R
P 0x7fd3b218ac08
C 335
R
P 0x7fd3b218ac08
P 0x7fd3b2930818
C 9
R
P 0x7fd3b218ac08
C 335
R
P 0x7fd3b218ac08
S "0"
P 0x7fd3b29308d8
C 144
= 0x7fd3b2931278
R
P 0x7fd3b218ac08
C 335
R
P 0x7fd3b218ac08
P 0x7fd3b2931278
C 9
R
P 0x7fd3b218ac08
C 335
R
P 0x7fd3b218ac08
P 0x7fd3b2931238
P 0x7fd3b2931278
C 75
= 0x7fd3b29373c8
R
P 0x7fd3b218ac08
C 335
R
P 0x7fd3b218ac08
P 0x7fd3b29373c8
C 9
R
P 0x7fd3b218ac08
C 335
R
P 0x7fd3b218ac08
C 33
= 0x7fd3b29308d8
R
P 0x7fd3b218ac08
C 335
R
P 0x7fd3b218ac08
P 0x7fd3b29308d8
C 9
R
P 0x7fd3b218ac08
C 335
R
P 0x7fd3b218ac08
C 32
= 0x7fd3b2930818
R
P 0x7fd3b218ac08
C 335
R
P 0x7fd3b218ac08
P 0x7fd3b2930818
C 9
R
P 0x7fd3b218ac08
C 335
R
P 0x7fd3b218ac08
S "0"
P 0x7fd3b29308d8
C 144
= 0x7fd3b2931278
R
P 0x7fd3b218ac08
C 335
R
P 0x7fd3b218ac08
P 0x7fd3b2931278
C 9
R
P 0x7fd3b218ac08
C 335
R
P 0x7fd3b218ac08
P 0x7fd3b2931258
P 0x7fd3b2931278
C 75
= 0x7fd3b2937400
R
P 0x7fd3b218ac08
C 335
R
P 0x7fd3b218ac08
P 0x7fd3b2937400
C 9
R
P 0x7fd3b218ac08
C 335
R
P 0x7fd3b218ac08
C 33
= 0x7fd3b29308d8
R
P 0x7fd3b218ac08
C 335
R
P 0x7fd3b218ac08
P 0x7fd3b29308d8
C 9
R
P 0x7fd3b218ac08
C 335
R
P 0x7fd3b218ac08
C 32
= 0x7fd3b2930818
R
P 0x7fd3b218ac08
C 335
R
P 0x7fd3b218ac08
P 0x7fd3b2930818
C 9
R
P 0x7fd3b218ac08
C 335
R
P 0x7fd3b218ac08
C 33
= 0x7fd3b29308d8
R
P 0x7fd3b218ac08
C 335
R
P 0x7fd3b218ac08
P 0x7fd3b29308d8
C 9
R
P 0x7fd3b218ac08
C 335
R
P 0x7fd3b218ac08
C 32
= 0x7fd3b2930818
R
P 0x7fd3b218ac08
C 335
R
P 0x7fd3b218ac08
P 0x7fd3b2930818
C 9
R
P 0x7fd3b218ac08
C 335
R
P 0x7fd3b218ac08
U 2
P 0x7fd3b2931238
P 0x7fd3b2931258
p 2
C 66
= 0x7fd3b2937550
R
P 0x7fd3b218ac08
C 335
R
P 0x7fd3b218ac08
P 0x7fd3b2937550
C 248
R
P 0x7fd3b218ac08
C 335
R
P 0x7fd3b218ac08
P 0x7fd3b2937550
C 245
= 0x7fd3b29308d8
R
P 0x7fd3b218ac08
C 335
R
P 0x7fd3b218ac08
P 0x7fd3b29308d8
C 200
R
P 0x7fd3b218ac08
C 335
R
P 0x7fd3b218ac08
P 0x7fd3b2937550
C 251
R
P 0x7fd3b218ac08
C 335
R
P 0x7fd3b218ac08
P 0x7fd3b2937550
C 250
R
P 0x7fd3b218ac08
C 335
R
P 0x7fd3b218ac08
P 0x7fd3b2937550
C 9
R
P 0x7fd3b218ac08
C 335
R
P 0x7fd3b218ac08
P 0x7fd3b2931238
C 245
= 0x7fd3b29308d8
R
P 0x7fd3b218ac08
C 335
R
P 0x7fd3b218ac08
P 0x7fd3b29308d8
C 200
R
P 0x7fd3b218ac08
C 335
R
P 0x7fd3b218ac08
P 0x7fd3b29308d8
C 9
R
P 0x7fd3b218ac08
C 335
R
P 0x7fd3b218ac08
P 0x7fd3b2937550
C 245
= 0x7fd3b29308d8
R
P 0x7fd3b218ac08
C 335
R
P 0x7fd3b218ac08
P 0x7fd3b29308d8
C 200
R
P 0x7fd3b218ac08
C 335
R
P 0x7fd3b218ac08
P 0x7fd3b29308d8
C 9
R
P 0x7fd3b218ac08
C 335
R
P 0x7fd3b218ac08
C 33
= 0x7fd3b29308d8
R
P 0x7fd3b218ac08
C 335
R
P 0x7fd3b218ac08
P 0x7fd3b29308d8
C 9
R
P 0x7fd3b218ac08
C 335
R
P 0x7fd3b218ac08
C 32
= 0x7fd3b2930818
R
P 0x7fd3b218ac08
C 335
R
P 0x7fd3b218ac08
P 0x7fd3b2930818
C 9
R
P 0x7fd3b218ac08
C 335
R
P 0x7fd3b218ac08
S "0"
P 0x7fd3b29308d8
C 144
= 0x7fd3b2931278
R
P 0x7fd3b218ac08
C 335
R
P 0x7fd3b218ac08
P 0x7fd3b2931278
C 9
R
P 0x7fd3b218ac08
C 335
R
P 0x7fd3b218ac08
P 0x7fd3b2937550
P 0x7fd3b2931278
C 75
= 0x7fd3b2937588
R
P 0x7fd3b218ac08
C 335
R
P 0x7fd3b218ac08
P 0x7fd3b2937588
C 9
R
P 0x7fd3b218ac08
C 335
R
P 0x7fd3b218ac08
U 2
P 0x7fd3b29373c8
P 0x7fd3b2937400
p 2
C 62
= 0x7fd3b29374a8
R
P 0x7fd3b218ac08
C 335
R
P 0x7fd3b218ac08
P 0x7fd3b29374a8
C 9
R
P 0x7fd3b218ac08
C 335
R
P 0x7fd3b218ac08
P 0x7fd3b29374a8
P 0x7fd3b2937588
C 60
= 0x7fd3b29375c0
R
P 0x7fd3b218ac08
C 335
R
P 0x7fd3b218ac08
P 0x7fd3b29375c0
C 9
R
P 0x7fd3b218ac08
C 335
R
P 0x7fd3b218ac08
P 0x7fd3b29375c0
C 57
= 0x7fd3b2932d78
R
P 0x7fd3b218ac08
C 335
R
P 0x7fd3b218ac08
P 0x7fd3b2932d78
C 9
R
P 0x7fd3b218ac08
C 335
R
P 0x7fd3b218ac08
C 404
= 0x7fd3b154b8b8
R
P 0x7fd3b218ac08
C 335
R
P 0x7fd3b218ac08
P 0x7fd3b154b8b8
C 412
R
P 0x7fd3b218ac08
C 335
R
P 0x7fd3b218ac08
P 0x7fd3b154b8b8
P 0x7fd3b2932d78
C 418
R
P 0x7fd3b218ac08
C 335
R
P 0x7fd3b218ac08
P 0x7fd3b154b8b8
C 421
R
P 0x7fd3b218ac08
C 335
R
P 0x7fd3b218ac08
P 0x7fd3b154b8b8
C 425
= 0x7fd3b15d2858
R
P 0x7fd3b218ac08
C 335
R
P 0x7fd3b218ac08
P 0x7fd3b15d2858
C 288
R
P 0x7fd3b218ac08
C 335
R
P 0x7fd3b218ac08
P 0x7fd3b15d2858
C 320
R
P 0x7fd3b218ac08
C 335
